#
# There is insufficient memory for the Java Runtime Environment to continue.
# Native memory allocation (malloc) failed to allocate 356064 bytes. Error detail: Chunk::new
# Possible reasons:
#   The system is out of physical RAM or swap space
#   This process is running with CompressedOops enabled, and the Java Heap may be blocking the growth of the native heap
# Possible solutions:
#   Reduce memory load on the system
#   Increase physical memory or swap space
#   Check if swap backing store is full
#   Decrease Java heap size (-Xmx/-Xms)
#   Decrease number of Java threads
#   Decrease Java thread stack sizes (-Xss)
#   Set larger code cache with -XX:ReservedCodeCacheSize=
#   JVM is running with Unscaled Compressed Oops mode in which the Java heap is
#     placed in the first 4GB address space. The Java Heap base address is the
#     maximum limit for the native heap growth. Please use -XX:HeapBaseMinAddress
#     to set the Java Heap base and to place the Java Heap above 4GB virtual address.
# This output file may be truncated or incomplete.
#
#  Out of Memory Error (arena.cpp:168), pid=3448, tid=18884
#
# JRE version: OpenJDK Runtime Environment Temurin-21.0.7+6 (21.0.7+6) (build 21.0.7+6-LTS)
# Java VM: OpenJDK 64-Bit Server VM Temurin-21.0.7+6 (21.0.7+6-LTS, mixed mode, sharing, tiered, compressed oops, compressed class ptrs, parallel gc, windows-amd64)
# No core dump will be written. Minidumps are not enabled by default on client versions of Windows
#

---------------  S U M M A R Y ------------

Command Line: --add-modules=ALL-SYSTEM --add-opens=java.base/java.util=ALL-UNNAMED --add-opens=java.base/java.lang=ALL-UNNAMED --add-opens=java.base/sun.nio.fs=ALL-UNNAMED -Declipse.application=org.eclipse.jdt.ls.core.id1 -Dosgi.bundles.defaultStartLevel=4 -Declipse.product=org.eclipse.jdt.ls.core.product -Djava.import.generatesMetadataFilesAtProjectRoot=false -DDetectVMInstallationsJob.disabled=true -Dfile.encoding=utf8 -XX:+UseParallelGC -XX:GCTimeRatio=4 -XX:AdaptiveSizePolicyWeight=90 -Dsun.zip.disableMemoryMapping=true -Xmx2G -Xms100m -Xlog:disable -javaagent:c:\Users\kkini\.vscode\extensions\redhat.java-1.43.1-win32-x64\lombok\lombok-1.18.39-4050.jar -XX:+HeapDumpOnOutOfMemoryError -XX:HeapDumpPath=c:\Users\kkini\AppData\Roaming\Code\User\workspaceStorage\70040a73d0eb2eee809977b0dfb4f10f\redhat.java -Daether.dependencyCollector.impl=bf c:\Users\kkini\.vscode\extensions\redhat.java-1.43.1-win32-x64\server\plugins\org.eclipse.equinox.launcher_1.7.0.v20250519-0528.jar -configuration c:\Users\kkini\AppData\Roaming\Code\User\globalStorage\redhat.java\1.43.1\config_win -data c:\Users\kkini\AppData\Roaming\Code\User\workspaceStorage\70040a73d0eb2eee809977b0dfb4f10f\redhat.java\jdt_ws --pipe=\\.\pipe\lsp-705bb2280e41450f30512682338c88aa-sock

Host: Intel(R) Core(TM) i5-10210U CPU @ 1.60GHz, 8 cores, 7G,  Windows 11 , 64 bit Build 22000 (10.0.22000.2538)
Time: Wed Jul  2 14:41:37 2025 India Standard Time elapsed time: 3.782656 seconds (0d 0h 0m 3s)

---------------  T H R E A D  ---------------

Current thread (0x000002adcbc870d0):  JavaThread "C2 CompilerThread0" daemon [_thread_in_native, id=18884, stack(0x000000d9fc700000,0x000000d9fc800000) (1024K)]


Current CompileTask:
C2:3782  673       4       lombok.patcher.scripts.MethodLevelPatchScript::patch (21 bytes)

Stack: [0x000000d9fc700000,0x000000d9fc800000]
Native frames: (J=compiled Java code, j=interpreted, Vv=VM code, C=native code)
V  [jvm.dll+0x6ce119]
V  [jvm.dll+0x8a84a1]
V  [jvm.dll+0x8aa9ce]
V  [jvm.dll+0x8ab0b3]
V  [jvm.dll+0x27f8a6]
V  [jvm.dll+0xc507d]
V  [jvm.dll+0xc55b3]
V  [jvm.dll+0x3b692c]
V  [jvm.dll+0x382aa5]
V  [jvm.dll+0x381f0a]
V  [jvm.dll+0x247af0]
V  [jvm.dll+0x2470cf]
V  [jvm.dll+0x1c760e]
V  [jvm.dll+0x25695a]
V  [jvm.dll+0x254efa]
V  [jvm.dll+0x3f03f6]
V  [jvm.dll+0x851f6b]
V  [jvm.dll+0x6cc7dd]
C  [ucrtbase.dll+0x26c0c]
C  [KERNEL32.DLL+0x153e0]
C  [ntdll.dll+0x485b]


---------------  P R O C E S S  ---------------

Threads class SMR info:
_java_thread_list=0x000002ade87179e0, length=12, elements={
0x000002adcbd0e090, 0x000002adcbc7a600, 0x000002adcbc7c370, 0x000002adcbc7f580,
0x000002adcbc80490, 0x000002adcbc84060, 0x000002adcbc84ab0, 0x000002adcbc870d0,
0x000002adcbcae080, 0x000002ade80a4630, 0x000002ade8334380, 0x000002ade870c700
}

Java Threads: ( => current thread )
  0x000002adcbd0e090 JavaThread "main"                              [_thread_in_Java, id=17772, stack(0x000000d9fbd00000,0x000000d9fbe00000) (1024K)]
  0x000002adcbc7a600 JavaThread "Reference Handler"          daemon [_thread_blocked, id=26000, stack(0x000000d9fc100000,0x000000d9fc200000) (1024K)]
  0x000002adcbc7c370 JavaThread "Finalizer"                  daemon [_thread_blocked, id=16320, stack(0x000000d9fc200000,0x000000d9fc300000) (1024K)]
  0x000002adcbc7f580 JavaThread "Signal Dispatcher"          daemon [_thread_blocked, id=24032, stack(0x000000d9fc300000,0x000000d9fc400000) (1024K)]
  0x000002adcbc80490 JavaThread "Attach Listener"            daemon [_thread_blocked, id=13480, stack(0x000000d9fc400000,0x000000d9fc500000) (1024K)]
  0x000002adcbc84060 JavaThread "Service Thread"             daemon [_thread_blocked, id=20860, stack(0x000000d9fc500000,0x000000d9fc600000) (1024K)]
  0x000002adcbc84ab0 JavaThread "Monitor Deflation Thread"   daemon [_thread_blocked, id=17104, stack(0x000000d9fc600000,0x000000d9fc700000) (1024K)]
=>0x000002adcbc870d0 JavaThread "C2 CompilerThread0"         daemon [_thread_in_native, id=18884, stack(0x000000d9fc700000,0x000000d9fc800000) (1024K)]
  0x000002adcbcae080 JavaThread "C1 CompilerThread0"         daemon [_thread_in_native, id=9932, stack(0x000000d9fc800000,0x000000d9fc900000) (1024K)]
  0x000002ade80a4630 JavaThread "Common-Cleaner"             daemon [_thread_blocked, id=11832, stack(0x000000d9fc900000,0x000000d9fca00000) (1024K)]
  0x000002ade8334380 JavaThread "Notification Thread"        daemon [_thread_blocked, id=8800, stack(0x000000d9fca00000,0x000000d9fcb00000) (1024K)]
  0x000002ade870c700 JavaThread "C2 CompilerThread1"         daemon [_thread_in_native, id=2456, stack(0x000000d9fcb00000,0x000000d9fcc00000) (1024K)]
Total: 12

Other Threads:
  0x000002adcbdc9750 VMThread "VM Thread"                           [id=22216, stack(0x000000d9fc000000,0x000000d9fc100000) (1024K)]
  0x000002adcbd79630 WatcherThread "VM Periodic Task Thread"        [id=26972, stack(0x000000d9fbf00000,0x000000d9fc000000) (1024K)]
  0x000002adcbd2d9e0 WorkerThread "GC Thread#0"                     [id=8120, stack(0x000000d9fbe00000,0x000000d9fbf00000) (1024K)]
Total: 3

Threads with active compile tasks:
C2 CompilerThread0  3943  673       4       lombok.patcher.scripts.MethodLevelPatchScript::patch (21 bytes)
C1 CompilerThread0  3943  911       3       lombok.eclipse.agent.EclipsePatcher$1::shouldTransform (107 bytes)
C2 CompilerThread1  3943  674       4       lombok.patcher.PatchScript::classMatches (41 bytes)
Total: 3

VM state: not at safepoint (normal execution)

VM Mutex/Monitor currently owned by a thread: None

Heap address: 0x0000000080000000, size: 2048 MB, Compressed Oops mode: 32-bit

CDS archive(s) mapped at: [0x000002ad80000000-0x000002ad80ba0000-0x000002ad80ba0000), size 12189696, SharedBaseAddress: 0x000002ad80000000, ArchiveRelocationMode: 1.
Compressed class space mapped at: 0x000002ad81000000-0x000002adc1000000, reserved size: 1073741824
Narrow klass base: 0x000002ad80000000, Narrow klass shift: 0, Narrow klass range: 0x100000000

GC Precious Log:
 CardTable entry size: 512
 CPUs: 8 total, 8 available
 Memory: 7952M
 Large Page Support: Disabled
 NUMA Support: Disabled
 Compressed Oops: Enabled (32-bit)
 Alignments: Space 512K, Generation 512K, Heap 2M
 Heap Min Capacity: 100M
 Heap Initial Capacity: 100M
 Heap Max Capacity: 2G
 Pre-touch: Disabled
 Parallel Workers: 8

Heap:
 PSYoungGen      total 29696K, used 17633K [0x00000000d5580000, 0x00000000d7680000, 0x0000000100000000)
  eden space 25600K, 68% used [0x00000000d5580000,0x00000000d66b87f8,0x00000000d6e80000)
  from space 4096K, 0% used [0x00000000d7280000,0x00000000d7280000,0x00000000d7680000)
  to   space 4096K, 0% used [0x00000000d6e80000,0x00000000d6e80000,0x00000000d7280000)
 ParOldGen       total 68608K, used 0K [0x0000000080000000, 0x0000000084300000, 0x00000000d5580000)
  object space 68608K, 0% used [0x0000000080000000,0x0000000080000000,0x0000000084300000)
 Metaspace       used 3443K, committed 3712K, reserved 1114112K
  class space    used 369K, committed 512K, reserved 1048576K

Card table byte_map: [0x000002adcb6b0000,0x000002adcbac0000] _byte_map_base: 0x000002adcb2b0000

Marking Bits: (ParMarkBitMap*) 0x00007ff954dd31f0
 Begin Bits: [0x000002adde1b0000, 0x000002ade01b0000)
 End Bits:   [0x000002ade01b0000, 0x000002ade21b0000)

Polling page: 0x000002adc9950000

Metaspace:

Usage:
  Non-class:      3.00 MB used.
      Class:    369.84 KB used.
       Both:      3.36 MB used.

Virtual space:
  Non-class space:       64.00 MB reserved,       3.12 MB (  5%) committed,  1 nodes.
      Class space:        1.00 GB reserved,     512.00 KB ( <1%) committed,  1 nodes.
             Both:        1.06 GB reserved,       3.62 MB ( <1%) committed. 

Chunk freelists:
   Non-Class:  11.46 MB
       Class:  15.47 MB
        Both:  26.94 MB

MaxMetaspaceSize: unlimited
CompressedClassSpaceSize: 1.00 GB
Initial GC threshold: 21.00 MB
Current GC threshold: 21.00 MB
CDS: on
 - commit_granule_bytes: 65536.
 - commit_granule_words: 8192.
 - virtual_space_node_default_size: 8388608.
 - enlarge_chunks_in_place: 1.
 - use_allocation_guard: 0.


Internal statistics:

num_allocs_failed_limit: 0.
num_arena_births: 170.
num_arena_deaths: 0.
num_vsnodes_births: 2.
num_vsnodes_deaths: 0.
num_space_committed: 58.
num_space_uncommitted: 0.
num_chunks_returned_to_freelist: 0.
num_chunks_taken_from_freelist: 213.
num_chunk_merges: 0.
num_chunk_splits: 138.
num_chunks_enlarged: 77.
num_inconsistent_stats: 0.

CodeHeap 'non-profiled nmethods': size=120000Kb used=322Kb max_used=322Kb free=119677Kb
 bounds [0x000002add69d0000, 0x000002add6c40000, 0x000002adddf00000]
CodeHeap 'profiled nmethods': size=120000Kb used=1419Kb max_used=1419Kb free=118580Kb
 bounds [0x000002adcef00000, 0x000002adcf170000, 0x000002add6430000]
CodeHeap 'non-nmethods': size=5760Kb used=1190Kb max_used=1207Kb free=4569Kb
 bounds [0x000002add6430000, 0x000002add66a0000, 0x000002add69d0000]
 total_blobs=1350 nmethods=901 adapters=356
 compilation: enabled
              stopped_count=0, restarted_count=0
 full_count=0

Compilation events (20 events):
Event: 2.794 Thread 0x000002adcbcae080  670       3       java.lang.invoke.MemberName::getMethodOrFieldType (72 bytes)
Event: 2.795 Thread 0x000002adcbcae080 nmethod 670 0x000002adceff6690 code [0x000002adceff69e0, 0x000002adceff7790]
Event: 2.795 Thread 0x000002adcbcae080  671       3       java.util.regex.Pattern::peek (26 bytes)
Event: 2.796 Thread 0x000002adcbcae080 nmethod 671 0x000002adceff7c90 code [0x000002adceff7e40, 0x000002adceff8098]
Event: 2.801 Thread 0x000002adcbc870d0 nmethod 662 0x000002add6a0ec10 code [0x000002add6a0ede0, 0x000002add6a0f1d8]
Event: 2.801 Thread 0x000002adcbc870d0  656       4       java.lang.Character::digit (6 bytes)
Event: 2.803 Thread 0x000002adcbc870d0 nmethod 656 0x000002add6a0f710 code [0x000002add6a0f8a0, 0x000002add6a0f9e0]
Event: 2.805 Thread 0x000002adcbcae080  672       3       java.lang.invoke.LambdaForm$NamedFunction::returnType (11 bytes)
Event: 2.806 Thread 0x000002adcbcae080 nmethod 672 0x000002adceff8190 code [0x000002adceff83a0, 0x000002adceff88b8]
Event: 2.819 Thread 0x000002adcbc870d0  673       4       lombok.patcher.scripts.MethodLevelPatchScript::patch (21 bytes)
Event: 2.821 Thread 0x000002adcbcae080  675       3       sun.security.util.DerInputStream::available (10 bytes)
Event: 2.822 Thread 0x000002adcbcae080 nmethod 675 0x000002adceff8b10 code [0x000002adceff8ca0, 0x000002adceff8db0]
Event: 2.831 Thread 0x000002adcbcae080  676       3       java.util.jar.Manifest$FastInputStream::readLine (296 bytes)
Event: 2.833 Thread 0x000002adcbcae080 nmethod 676 0x000002adceff8e10 code [0x000002adceff9040, 0x000002adceff98a8]
Event: 2.835 Thread 0x000002adcbcae080  678       3       java.util.Objects::checkFromIndexSize (8 bytes)
Event: 2.835 Thread 0x000002adcbcae080 nmethod 678 0x000002adceff9c10 code [0x000002adceff9dc0, 0x000002adceff9fc8]
Event: 2.907 Thread 0x000002adcbcae080  681       3       java.lang.Integer::rotateRight (9 bytes)
Event: 2.907 Thread 0x000002adcbcae080 nmethod 681 0x000002adceffa110 code [0x000002adceffa2a0, 0x000002adceffa3a0]
Event: 2.907 Thread 0x000002adcbcae080  682       3       sun.invoke.util.Wrapper::forPrimitiveType (122 bytes)
Event: 2.908 Thread 0x000002adcbcae080 nmethod 682 0x000002adceffa410 code [0x000002adceffa6e0, 0x000002adceffb1c0]

GC Heap History (0 events):
No events

Dll operation events (8 events):
Event: 0.119 Loaded shared library c:\Users\kkini\.vscode\extensions\redhat.java-1.43.1-win32-x64\jre\21.0.7-win32-x86_64\bin\java.dll
Event: 0.474 Loaded shared library c:\Users\kkini\.vscode\extensions\redhat.java-1.43.1-win32-x64\jre\21.0.7-win32-x86_64\bin\zip.dll
Event: 0.587 Loaded shared library C:\Users\kkini\.vscode\extensions\redhat.java-1.43.1-win32-x64\jre\21.0.7-win32-x86_64\bin\instrument.dll
Event: 0.651 Loaded shared library C:\Users\kkini\.vscode\extensions\redhat.java-1.43.1-win32-x64\jre\21.0.7-win32-x86_64\bin\net.dll
Event: 1.113 Loaded shared library C:\Users\kkini\.vscode\extensions\redhat.java-1.43.1-win32-x64\jre\21.0.7-win32-x86_64\bin\nio.dll
Event: 1.187 Loaded shared library C:\Users\kkini\.vscode\extensions\redhat.java-1.43.1-win32-x64\jre\21.0.7-win32-x86_64\bin\zip.dll
Event: 1.284 Loaded shared library C:\Users\kkini\.vscode\extensions\redhat.java-1.43.1-win32-x64\jre\21.0.7-win32-x86_64\bin\jimage.dll
Event: 1.639 Loaded shared library c:\Users\kkini\.vscode\extensions\redhat.java-1.43.1-win32-x64\jre\21.0.7-win32-x86_64\bin\verify.dll

Deoptimization events (20 events):
Event: 2.650 Thread 0x000002adcbd0e090 Uncommon trap: trap_request=0xffffffde fr.pc=0x000002add6a093dc relative=0x000000000000013c
Event: 2.650 Thread 0x000002adcbd0e090 Uncommon trap: reason=class_check action=maybe_recompile pc=0x000002add6a093dc method=jdk.internal.misc.Unsafe.allocateUninitializedArray(Ljava/lang/Class;I)Ljava/lang/Object; @ 51 c2
Event: 2.650 Thread 0x000002adcbd0e090 DEOPT PACKING pc=0x000002add6a093dc sp=0x000000d9fbdfbdf0
Event: 2.650 Thread 0x000002adcbd0e090 DEOPT UNPACKING pc=0x000002add6483aa2 sp=0x000000d9fbdfbd68 mode 2
Event: 2.650 Thread 0x000002adcbd0e090 Uncommon trap: trap_request=0xffffffde fr.pc=0x000002add6a093dc relative=0x000000000000013c
Event: 2.650 Thread 0x000002adcbd0e090 Uncommon trap: reason=class_check action=maybe_recompile pc=0x000002add6a093dc method=jdk.internal.misc.Unsafe.allocateUninitializedArray(Ljava/lang/Class;I)Ljava/lang/Object; @ 51 c2
Event: 2.650 Thread 0x000002adcbd0e090 DEOPT PACKING pc=0x000002add6a093dc sp=0x000000d9fbdfbdf0
Event: 2.650 Thread 0x000002adcbd0e090 DEOPT UNPACKING pc=0x000002add6483aa2 sp=0x000000d9fbdfbd68 mode 2
Event: 2.650 Thread 0x000002adcbd0e090 Uncommon trap: trap_request=0xffffffde fr.pc=0x000002add6a093dc relative=0x000000000000013c
Event: 2.650 Thread 0x000002adcbd0e090 Uncommon trap: reason=class_check action=maybe_recompile pc=0x000002add6a093dc method=jdk.internal.misc.Unsafe.allocateUninitializedArray(Ljava/lang/Class;I)Ljava/lang/Object; @ 51 c2
Event: 2.650 Thread 0x000002adcbd0e090 DEOPT PACKING pc=0x000002add6a093dc sp=0x000000d9fbdfbdf0
Event: 2.650 Thread 0x000002adcbd0e090 DEOPT UNPACKING pc=0x000002add6483aa2 sp=0x000000d9fbdfbd68 mode 2
Event: 2.650 Thread 0x000002adcbd0e090 Uncommon trap: trap_request=0xffffffde fr.pc=0x000002add6a093dc relative=0x000000000000013c
Event: 2.650 Thread 0x000002adcbd0e090 Uncommon trap: reason=class_check action=maybe_recompile pc=0x000002add6a093dc method=jdk.internal.misc.Unsafe.allocateUninitializedArray(Ljava/lang/Class;I)Ljava/lang/Object; @ 51 c2
Event: 2.650 Thread 0x000002adcbd0e090 DEOPT PACKING pc=0x000002add6a093dc sp=0x000000d9fbdfbe30
Event: 2.650 Thread 0x000002adcbd0e090 DEOPT UNPACKING pc=0x000002add6483aa2 sp=0x000000d9fbdfbda8 mode 2
Event: 2.689 Thread 0x000002adcbd0e090 Uncommon trap: trap_request=0xffffff45 fr.pc=0x000002add69f3304 relative=0x00000000000000e4
Event: 2.690 Thread 0x000002adcbd0e090 Uncommon trap: reason=unstable_if action=reinterpret pc=0x000002add69f3304 method=java.net.URI.match(CJJ)Z @ 45 c2
Event: 2.690 Thread 0x000002adcbd0e090 DEOPT PACKING pc=0x000002add69f3304 sp=0x000000d9fbdfcb10
Event: 2.690 Thread 0x000002adcbd0e090 DEOPT UNPACKING pc=0x000002add6483aa2 sp=0x000000d9fbdfca78 mode 2

Classes loaded (20 events):
Event: 2.882 Loading class java/security/MessageDigest done
Event: 2.882 Loading class sun/security/provider/SHA2$SHA256
Event: 2.888 Loading class sun/security/provider/SHA2
Event: 2.888 Loading class sun/security/provider/DigestBase
Event: 2.890 Loading class sun/security/provider/DigestBase done
Event: 2.890 Loading class sun/security/provider/SHA2 done
Event: 2.890 Loading class sun/security/provider/SHA2$SHA256 done
Event: 2.892 Loading class java/security/MessageDigest$Delegate
Event: 2.893 Loading class sun/security/util/MessageDigestSpi2
Event: 2.893 Loading class sun/security/util/MessageDigestSpi2 done
Event: 2.893 Loading class java/security/MessageDigest$Delegate done
Event: 2.893 Loading class java/security/MessageDigest$Delegate$CloneableDelegate
Event: 2.894 Loading class java/security/MessageDigest$Delegate$CloneableDelegate done
Event: 2.894 Loading class sun/security/provider/ByteArrayAccess
Event: 2.903 Loading class sun/security/provider/ByteArrayAccess done
Event: 2.903 Loading class sun/security/provider/ByteArrayAccess$BE
Event: 2.904 Loading class sun/security/provider/ByteArrayAccess$BE done
Event: 2.907 Loading class sun/security/util/SignatureUtil
Event: 2.907 Loading class sun/security/util/SignatureUtil done
Event: 2.907 Loading class java/security/Signature

Classes unloaded (0 events):
No events

Classes redefined (0 events):
No events

Internal exceptions (12 events):
Event: 0.438 Thread 0x000002adcbd0e090 Exception <a 'java/lang/NoSuchMethodError'{0x00000000d57aa2a0}: 'void java.lang.invoke.DirectMethodHandle$Holder.invokeStatic(java.lang.Object, java.lang.Object, java.lang.Object)'> (0x00000000d57aa2a0) 
thrown [s\src\hotspot\share\interpreter\linkResolver.cpp, line 773]
Event: 1.244 Thread 0x000002adcbd0e090 Exception <a 'java/lang/NoSuchMethodError'{0x00000000d5912180}: 'java.lang.Object java.lang.invoke.Invokers$Holder.invokeExact_MT(java.lang.Object, java.lang.Object, java.lang.Object, java.lang.Object, java.lang.Object)'> (0x00000000d5912180) 
thrown [s\src\hotspot\share\interpreter\linkResolver.cpp, line 773]
Event: 1.452 Thread 0x000002adcbd0e090 Exception <a 'java/lang/NoSuchMethodError'{0x00000000d59ca210}: 'int java.lang.invoke.DirectMethodHandle$Holder.invokeSpecial(java.lang.Object, java.lang.Object, java.lang.Object, int)'> (0x00000000d59ca210) 
thrown [s\src\hotspot\share\interpreter\linkResolver.cpp, line 773]
Event: 1.460 Thread 0x000002adcbd0e090 Exception <a 'java/lang/NoSuchMethodError'{0x00000000d59dcbf8}: 'java.lang.Object java.lang.invoke.DirectMethodHandle$Holder.invokeStatic(java.lang.Object, java.lang.Object, java.lang.Object, java.lang.Object, int)'> (0x00000000d59dcbf8) 
thrown [s\src\hotspot\share\interpreter\linkResolver.cpp, line 773]
Event: 1.463 Thread 0x000002adcbd0e090 Exception <a 'java/lang/NoSuchMethodError'{0x00000000d59e8038}: 'void java.lang.invoke.DelegatingMethodHandle$Holder.reinvoke_L(java.lang.Object, java.lang.Object, java.lang.Object, int, java.lang.Object)'> (0x00000000d59e8038) 
thrown [s\src\hotspot\share\interpreter\linkResolver.cpp, line 773]
Event: 1.471 Thread 0x000002adcbd0e090 Exception <a 'java/lang/NoSuchMethodError'{0x00000000d59f8b30}: 'int java.lang.invoke.DirectMethodHandle$Holder.invokeSpecial(java.lang.Object, java.lang.Object, java.lang.Object)'> (0x00000000d59f8b30) 
thrown [s\src\hotspot\share\interpreter\linkResolver.cpp, line 773]
Event: 1.475 Thread 0x000002adcbd0e090 Exception <a 'java/lang/NoSuchMethodError'{0x00000000d5a047f0}: 'java.lang.Object java.lang.invoke.DirectMethodHandle$Holder.invokeStatic(java.lang.Object, java.lang.Object, int)'> (0x00000000d5a047f0) 
thrown [s\src\hotspot\share\interpreter\linkResolver.cpp, line 773]
Event: 1.477 Thread 0x000002adcbd0e090 Exception <a 'java/lang/NoSuchMethodError'{0x00000000d5a09140}: 'void java.lang.invoke.DirectMethodHandle$Holder.invokeStatic(java.lang.Object, java.lang.Object, int, java.lang.Object)'> (0x00000000d5a09140) 
thrown [s\src\hotspot\share\interpreter\linkResolver.cpp, line 773]
Event: 1.478 Thread 0x000002adcbd0e090 Exception <a 'java/lang/NoSuchMethodError'{0x00000000d5a0ccd0}: 'void java.lang.invoke.DirectMethodHandle$Holder.invokeSpecial(java.lang.Object, java.lang.Object, java.lang.Object, int, java.lang.Object)'> (0x00000000d5a0ccd0) 
thrown [s\src\hotspot\share\interpreter\linkResolver.cpp, line 773]
Event: 1.479 Thread 0x000002adcbd0e090 Exception <a 'java/lang/NoSuchMethodError'{0x00000000d5a10140}: 'void java.lang.invoke.DelegatingMethodHandle$Holder.delegate(java.lang.Object, java.lang.Object, int, java.lang.Object)'> (0x00000000d5a10140) 
thrown [s\src\hotspot\share\interpreter\linkResolver.cpp, line 773]
Event: 1.727 Thread 0x000002adcbd0e090 Exception <a 'java/lang/NoSuchMethodError'{0x00000000d5bd2780}: 'void java.lang.invoke.DelegatingMethodHandle$Holder.reinvoke_L(java.lang.Object, java.lang.Object, java.lang.Object, int)'> (0x00000000d5bd2780) 
thrown [s\src\hotspot\share\interpreter\linkResolver.cpp, line 773]
Event: 2.592 Thread 0x000002adcbd0e090 Exception <a 'java/lang/NoSuchMethodError'{0x00000000d605e5a8}: 'void java.lang.invoke.DirectMethodHandle$Holder.invokeVirtual(java.lang.Object, java.lang.Object)'> (0x00000000d605e5a8) 
thrown [s\src\hotspot\share\interpreter\linkResolver.cpp, line 773]

ZGC Phase Switch (0 events):
No events

VM Operations (8 events):
Event: 0.451 Executing VM operation: HandshakeAllThreads (Deoptimize)
Event: 0.451 Executing VM operation: HandshakeAllThreads (Deoptimize) done
Event: 1.334 Executing VM operation: HandshakeAllThreads (Deoptimize)
Event: 1.335 Executing VM operation: HandshakeAllThreads (Deoptimize) done
Event: 1.335 Executing VM operation: Cleanup
Event: 1.335 Executing VM operation: Cleanup done
Event: 2.346 Executing VM operation: Cleanup
Event: 2.363 Executing VM operation: Cleanup done

Memory protections (0 events):
No events

Nmethod flushes (0 events):
No events

Events (11 events):
Event: 0.254 Thread 0x000002adcbd0e090 Thread added: 0x000002adcbd0e090
Event: 0.330 Thread 0x000002adcbd0e090 Thread added: 0x000002adcbc7a600
Event: 0.330 Thread 0x000002adcbd0e090 Thread added: 0x000002adcbc7c370
Event: 0.332 Thread 0x000002adcbd0e090 Thread added: 0x000002adcbc7f580
Event: 0.335 Thread 0x000002adcbd0e090 Thread added: 0x000002adcbc80490
Event: 0.335 Thread 0x000002adcbd0e090 Thread added: 0x000002adcbc84060
Event: 0.336 Thread 0x000002adcbd0e090 Thread added: 0x000002adcbc84ab0
Event: 0.337 Thread 0x000002adcbd0e090 Thread added: 0x000002adcbc870d0
Event: 0.339 Thread 0x000002adcbd0e090 Thread added: 0x000002adcbcae080
Event: 0.402 Thread 0x000002adcbd0e090 Thread added: 0x000002ade80a4630
Event: 2.054 Thread 0x000002adcbd0e090 Thread added: 0x000002ade8334380


Dynamic libraries:
0x00007ff7e1760000 - 0x00007ff7e176e000 	c:\Users\kkini\.vscode\extensions\redhat.java-1.43.1-win32-x64\jre\21.0.7-win32-x86_64\bin\java.exe
0x00007ff9a4e80000 - 0x00007ff9a5089000 	C:\WINDOWS\SYSTEM32\ntdll.dll
0x00007ff9a3670000 - 0x00007ff9a372d000 	C:\WINDOWS\System32\KERNEL32.DLL
0x00007ff9a2940000 - 0x00007ff9a2cc4000 	C:\WINDOWS\System32\KERNELBASE.dll
0x00007ff9a1e20000 - 0x00007ff9a1fc6000 	C:\Windows\system32\hmpalert.dll
0x00007ff9a1c60000 - 0x00007ff9a1e1a000 	C:\WINDOWS\System32\SophosED\SophosED.dll
0x00007ff9a24a0000 - 0x00007ff9a25b1000 	C:\WINDOWS\System32\ucrtbase.dll
0x00007ff98ac60000 - 0x00007ff98ac78000 	c:\Users\kkini\.vscode\extensions\redhat.java-1.43.1-win32-x64\jre\21.0.7-win32-x86_64\bin\jli.dll
0x00007ff9a45f0000 - 0x00007ff9a479d000 	C:\WINDOWS\System32\USER32.dll
0x00007ff9a26e0000 - 0x00007ff9a2706000 	C:\WINDOWS\System32\win32u.dll
0x00007ff9a4850000 - 0x00007ff9a487a000 	C:\WINDOWS\System32\GDI32.dll
0x00007ff9a2380000 - 0x00007ff9a249e000 	C:\WINDOWS\System32\gdi32full.dll
0x00007ff9a25c0000 - 0x00007ff9a265d000 	C:\WINDOWS\System32\msvcp_win.dll
0x00007ff98e620000 - 0x00007ff98e63e000 	c:\Users\kkini\.vscode\extensions\redhat.java-1.43.1-win32-x64\jre\21.0.7-win32-x86_64\bin\VCRUNTIME140.dll
0x00007ff98b440000 - 0x00007ff98b6e5000 	C:\WINDOWS\WinSxS\amd64_microsoft.windows.common-controls_6595b64144ccf1df_6.0.22000.120_none_9d947278b86cc467\COMCTL32.dll
0x00007ff9a3550000 - 0x00007ff9a35f3000 	C:\WINDOWS\System32\msvcrt.dll
0x00007ff9a4510000 - 0x00007ff9a4541000 	C:\WINDOWS\System32\IMM32.DLL
0x00007ff99e5b0000 - 0x00007ff99e5bc000 	c:\Users\kkini\.vscode\extensions\redhat.java-1.43.1-win32-x64\jre\21.0.7-win32-x86_64\bin\vcruntime140_1.dll
0x00007ff98a4a0000 - 0x00007ff98a52d000 	c:\Users\kkini\.vscode\extensions\redhat.java-1.43.1-win32-x64\jre\21.0.7-win32-x86_64\bin\msvcp140.dll
0x00007ff954120000 - 0x00007ff954eb0000 	c:\Users\kkini\.vscode\extensions\redhat.java-1.43.1-win32-x64\jre\21.0.7-win32-x86_64\bin\server\jvm.dll
0x00007ff9a47a0000 - 0x00007ff9a484e000 	C:\WINDOWS\System32\ADVAPI32.dll
0x00007ff9a4990000 - 0x00007ff9a4a2e000 	C:\WINDOWS\System32\sechost.dll
0x00007ff9a4010000 - 0x00007ff9a4131000 	C:\WINDOWS\System32\RPCRT4.dll
0x00007ff9a4880000 - 0x00007ff9a48ef000 	C:\WINDOWS\System32\WS2_32.dll
0x00007ff9a1c10000 - 0x00007ff9a1c5d000 	C:\WINDOWS\SYSTEM32\POWRPROF.dll
0x00007ff99a610000 - 0x00007ff99a643000 	C:\WINDOWS\SYSTEM32\WINMM.dll
0x00007ff99a680000 - 0x00007ff99a68a000 	C:\WINDOWS\SYSTEM32\VERSION.dll
0x00007ff9a1a20000 - 0x00007ff9a1a33000 	C:\WINDOWS\SYSTEM32\UMPDC.dll
0x00007ff9a0f70000 - 0x00007ff9a0f88000 	C:\WINDOWS\SYSTEM32\kernel.appcore.dll
0x00007ff99e4f0000 - 0x00007ff99e4fa000 	c:\Users\kkini\.vscode\extensions\redhat.java-1.43.1-win32-x64\jre\21.0.7-win32-x86_64\bin\jimage.dll
0x00007ff995690000 - 0x00007ff9958b1000 	C:\WINDOWS\SYSTEM32\DBGHELP.DLL
0x00007ff990fb0000 - 0x00007ff990fe1000 	C:\WINDOWS\SYSTEM32\dbgcore.DLL
0x00007ff9a2660000 - 0x00007ff9a26df000 	C:\WINDOWS\System32\bcryptPrimitives.dll
0x00007ff99e0a0000 - 0x00007ff99e0af000 	c:\Users\kkini\.vscode\extensions\redhat.java-1.43.1-win32-x64\jre\21.0.7-win32-x86_64\bin\instrument.dll
0x00007ff98a940000 - 0x00007ff98a95f000 	c:\Users\kkini\.vscode\extensions\redhat.java-1.43.1-win32-x64\jre\21.0.7-win32-x86_64\bin\java.dll
0x00007ff9a3840000 - 0x00007ff9a4005000 	C:\WINDOWS\System32\SHELL32.dll
0x00007ff99fe50000 - 0x00007ff9a06b2000 	C:\WINDOWS\SYSTEM32\windows.storage.dll
0x00007ff9a4aa0000 - 0x00007ff9a4e16000 	C:\WINDOWS\System32\combase.dll
0x00007ff99fce0000 - 0x00007ff99fe47000 	C:\WINDOWS\SYSTEM32\wintypes.dll
0x00007ff9a4300000 - 0x00007ff9a43ea000 	C:\WINDOWS\System32\SHCORE.dll
0x00007ff9a37e0000 - 0x00007ff9a383d000 	C:\WINDOWS\System32\shlwapi.dll
0x00007ff9a2240000 - 0x00007ff9a2265000 	C:\WINDOWS\SYSTEM32\profapi.dll
0x00007ff98a920000 - 0x00007ff98a938000 	c:\Users\kkini\.vscode\extensions\redhat.java-1.43.1-win32-x64\jre\21.0.7-win32-x86_64\bin\zip.dll
0x00007ff98e610000 - 0x00007ff98e620000 	C:\Users\kkini\.vscode\extensions\redhat.java-1.43.1-win32-x64\jre\21.0.7-win32-x86_64\bin\net.dll
0x00007ff99d1f0000 - 0x00007ff99d304000 	C:\WINDOWS\SYSTEM32\WINHTTP.dll
0x00007ff9a1470000 - 0x00007ff9a14d7000 	C:\WINDOWS\system32\mswsock.dll
0x00007ff98a890000 - 0x00007ff98a8a6000 	C:\Users\kkini\.vscode\extensions\redhat.java-1.43.1-win32-x64\jre\21.0.7-win32-x86_64\bin\nio.dll
0x00007ff98e0b0000 - 0x00007ff98e0c0000 	c:\Users\kkini\.vscode\extensions\redhat.java-1.43.1-win32-x64\jre\21.0.7-win32-x86_64\bin\verify.dll

dbghelp: loaded successfully - version: 4.0.5 - missing functions: none
symbol engine: initialized successfully - sym options: 0x614 - pdb path: .;c:\Users\kkini\.vscode\extensions\redhat.java-1.43.1-win32-x64\jre\21.0.7-win32-x86_64\bin;C:\WINDOWS\SYSTEM32;C:\WINDOWS\System32\SophosED;C:\WINDOWS\WinSxS\amd64_microsoft.windows.common-controls_6595b64144ccf1df_6.0.22000.120_none_9d947278b86cc467;c:\Users\kkini\.vscode\extensions\redhat.java-1.43.1-win32-x64\jre\21.0.7-win32-x86_64\bin\server

VM Arguments:
jvm_args: --add-modules=ALL-SYSTEM --add-opens=java.base/java.util=ALL-UNNAMED --add-opens=java.base/java.lang=ALL-UNNAMED --add-opens=java.base/sun.nio.fs=ALL-UNNAMED -Declipse.application=org.eclipse.jdt.ls.core.id1 -Dosgi.bundles.defaultStartLevel=4 -Declipse.product=org.eclipse.jdt.ls.core.product -Djava.import.generatesMetadataFilesAtProjectRoot=false -DDetectVMInstallationsJob.disabled=true -Dfile.encoding=utf8 -XX:+UseParallelGC -XX:GCTimeRatio=4 -XX:AdaptiveSizePolicyWeight=90 -Dsun.zip.disableMemoryMapping=true -Xmx2G -Xms100m -Xlog:disable -javaagent:c:\Users\kkini\.vscode\extensions\redhat.java-1.43.1-win32-x64\lombok\lombok-1.18.39-4050.jar -XX:+HeapDumpOnOutOfMemoryError -XX:HeapDumpPath=c:\Users\kkini\AppData\Roaming\Code\User\workspaceStorage\70040a73d0eb2eee809977b0dfb4f10f\redhat.java -Daether.dependencyCollector.impl=bf 
java_command: c:\Users\kkini\.vscode\extensions\redhat.java-1.43.1-win32-x64\server\plugins\org.eclipse.equinox.launcher_1.7.0.v20250519-0528.jar -configuration c:\Users\kkini\AppData\Roaming\Code\User\globalStorage\redhat.java\1.43.1\config_win -data c:\Users\kkini\AppData\Roaming\Code\User\workspaceStorage\70040a73d0eb2eee809977b0dfb4f10f\redhat.java\jdt_ws --pipe=\\.\pipe\lsp-705bb2280e41450f30512682338c88aa-sock
java_class_path (initial): c:\Users\kkini\.vscode\extensions\redhat.java-1.43.1-win32-x64\server\plugins\org.eclipse.equinox.launcher_1.7.0.v20250519-0528.jar
Launcher Type: SUN_STANDARD

[Global flags]
    uintx AdaptiveSizePolicyWeight                 = 90                                        {product} {command line}
     intx CICompilerCount                          = 4                                         {product} {ergonomic}
    uintx GCTimeRatio                              = 4                                         {product} {command line}
     bool HeapDumpOnOutOfMemoryError               = true                                   {manageable} {command line}
    ccstr HeapDumpPath                             = c:\Users\kkini\AppData\Roaming\Code\User\workspaceStorage\70040a73d0eb2eee809977b0dfb4f10f\redhat.java         {manageable} {command line}
   size_t InitialHeapSize                          = 104857600                                 {product} {command line}
   size_t MaxHeapSize                              = 2147483648                                {product} {command line}
   size_t MaxNewSize                               = 715653120                                 {product} {ergonomic}
   size_t MinHeapDeltaBytes                        = 524288                                    {product} {ergonomic}
   size_t MinHeapSize                              = 104857600                                 {product} {command line}
   size_t NewSize                                  = 34603008                                  {product} {ergonomic}
    uintx NonNMethodCodeHeapSize                   = 5839372                                {pd product} {ergonomic}
    uintx NonProfiledCodeHeapSize                  = 122909434                              {pd product} {ergonomic}
   size_t OldSize                                  = 70254592                                  {product} {ergonomic}
    uintx ProfiledCodeHeapSize                     = 122909434                              {pd product} {ergonomic}
    uintx ReservedCodeCacheSize                    = 251658240                              {pd product} {ergonomic}
     bool SegmentedCodeCache                       = true                                      {product} {ergonomic}
   size_t SoftMaxHeapSize                          = 2147483648                             {manageable} {ergonomic}
     bool UseCompressedOops                        = true                           {product lp64_product} {ergonomic}
     bool UseLargePagesIndividualAllocation        = false                                  {pd product} {ergonomic}
     bool UseParallelGC                            = true                                      {product} {command line}

Logging:
Log output configuration:
 #0: stdout all=off uptime,level,tags foldmultilines=false
 #1: stderr all=off uptime,level,tags foldmultilines=false

Environment Variables:
JAVA_HOME=C:\Program Files\Microsoft\jdk-17.0.15.6-hotspot\
PATH=C:\Program Files\Microsoft\jdk-17.0.15.6-hotspot\bin;C:\Program Files\Common Files\Oracle\Java\javapath;C:\WINDOWS\system32;C:\WINDOWS;C:\WINDOWS\System32\Wbem;C:\WINDOWS\System32\WindowsPowerShell\v1.0\;C:\WINDOWS\System32\OpenSSH\;C:\Program Files\RedHat\Podman\;C:\Program Files (x86)\PuTTY\;C:\Users\kkini\Downloads\sonar-scanner-cli-7.1.0.4889-windows-x64\sonar-scanner-7.1.0.4889-windows-x64\bin;C:\Program Files\nodejs\;C:\Users\kkini\Downloads\apache-maven-3.9.9-bin\apache-maven-3.9.9\bin;C:\Program Files\MySQL\MySQL Workbench 8.0 CE;C:\platform-tools;C:\Users\kkini\AppData\Local\Android\Sdk\platform-tools;C:\Users\kkini\AppData\Local\Android\Sdk\emulator;C:\Users\kkini\AppData\Local\Programs\Python\Python312\Scripts\;C:\Users\kkini\AppData\Local\Programs\Python\Python312\;C:\Users\kkini\AppData\Local\Programs\Python\Launcher\;C:\Users\kkini\AppData\Local\Microsoft\WindowsApps;C:\Users\kkini\AppData\Local\Programs\Microsoft VS Code\bin;C:\Users\kkini\AppData\Local\Programs\Git\cmd;C:\Users\kkini\AppData\Local\GitHubDesktop\bin;C:\Users\kkini\AppData\Roaming\npm
USERNAME=KKini
OS=Windows_NT
PROCESSOR_IDENTIFIER=Intel64 Family 6 Model 142 Stepping 12, GenuineIntel
TMP=C:\Users\kkini\AppData\Local\Temp
TEMP=C:\Users\kkini\AppData\Local\Temp




Periodic native trim disabled

---------------  S Y S T E M  ---------------

OS:
 Windows 11 , 64 bit Build 22000 (10.0.22000.2538)
OS uptime: 6 days 4:41 hours
Hyper-V role detected

CPU: total 8 (initial active 8) (4 cores per cpu, 2 threads per core) family 6 model 142 stepping 12 microcode 0x100, cx8, cmov, fxsr, ht, mmx, 3dnowpref, sse, sse2, sse3, ssse3, sse4.1, sse4.2, popcnt, lzcnt, tsc, tscinvbit, avx, avx2, aes, erms, clmul, bmi1, bmi2, adx, fma, vzeroupper, clflush, clflushopt, hv, rdtscp, f16c
Processor Information for the first 8 processors :
  Max Mhz: 2112, Current Mhz: 1609, Mhz Limit: 1605

Memory: 4k page, system-wide physical 7952M (444M free)
TotalPageFile size 25505M (AvailPageFile size 422M)
current process WorkingSet (physical memory assigned to process): 65M, peak: 65M
current process commit charge ("private bytes"): 236M, peak: 236M

vm_info: OpenJDK 64-Bit Server VM (21.0.7+6-LTS) for windows-amd64 JRE (21.0.7+6-LTS), built on 2025-04-15T00:00:00Z by "admin" with MS VC++ 17.7 (VS2022)

END.
